// Jest Snapshot v1, https://goo.gl/fbAQLP

exports[`should take a snapshot 1`] = `
<DocumentFragment>
  <a
    class="flex justify-around items-center"
    href="/"
  >
    <img
      alt="Booksmosis logo"
      class="w-10 md:w-20 md:p-3"
      src="logo.png"
    />
    <h1
      class="hidden md:inline text-4xl opacity-100 font-medium tracking-wide font-sans text-slate-800"
    >
      Bookish
    </h1>
  </a>
</DocumentFragment>
`;
