// Jest Snapshot v1, https://goo.gl/fbAQLP

exports[`performs snapshot testing 1`] = `
<a
  className="flex justify-around items-center"
  href="/"
  onClick={[Function]}
>
  <img
    alt="Booksmosis logo"
    className="w-10 md:w-20 md:p-3"
    src="logo.png"
  />
  <h1
    className="hidden md:inline text-4xl opacity-100 font-medium tracking-wide font-sans text-slate-800"
  >
    Booksmosis
  </h1>
</a>
`;
